  Geri y├╝klenecek projeler belirleniyor...
  Geri y├╝kleme i├ğin t├╝m projeler g├╝ncel.
C:\Users\Administrator\Desktop\DormMS.Web\Views\Home\Index.cshtml(114,6): error RZ1006: The if block is missing a closing "}" character.  Make sure you have a matching "}" character for all the "{" characters within this block, and that none of the "}" characters are being interpreted as markup. [C:\Users\Administrator\Desktop\DormMS.Web\DormMS.Web.csproj]
C:\Users\Administrator\Desktop\DormMS.Web\obj\Debug\net8.0\Microsoft.CodeAnalysis.Razor.Compiler\Microsoft.NET.Sdk.Razor.SourceGenerators.RazorSourceGenerator\Views_Home_Index_cshtml.g.cs(797,60): error CS0116: Ad alan─▒; alanlar, y├Ântemler veya deyimler gibi ├╝yeleri do─şrudan i├ğeremez [C:\Users\Administrator\Desktop\DormMS.Web\DormMS.Web.csproj]
C:\Users\Administrator\Desktop\DormMS.Web\obj\Debug\net8.0\Microsoft.CodeAnalysis.Razor.Compiler\Microsoft.NET.Sdk.Razor.SourceGenerators.RazorSourceGenerator\Views_Home_Index_cshtml.g.cs(801,70): error CS0116: Ad alan─▒; alanlar, y├Ântemler veya deyimler gibi ├╝yeleri do─şrudan i├ğeremez [C:\Users\Administrator\Desktop\DormMS.Web\DormMS.Web.csproj]
C:\Users\Administrator\Desktop\DormMS.Web\obj\Debug\net8.0\Microsoft.CodeAnalysis.Razor.Compiler\Microsoft.NET.Sdk.Razor.SourceGenerators.RazorSourceGenerator\Views_Home_Index_cshtml.g.cs(805,71): error CS0116: Ad alan─▒; alanlar, y├Ântemler veya deyimler gibi ├╝yeleri do─şrudan i├ğeremez [C:\Users\Administrator\Desktop\DormMS.Web\DormMS.Web.csproj]
C:\Users\Administrator\Desktop\DormMS.Web\obj\Debug\net8.0\Microsoft.CodeAnalysis.Razor.Compiler\Microsoft.NET.Sdk.Razor.SourceGenerators.RazorSourceGenerator\Views_Home_Index_cshtml.g.cs(809,80): error CS0116: Ad alan─▒; alanlar, y├Ântemler veya deyimler gibi ├╝yeleri do─şrudan i├ğeremez [C:\Users\Administrator\Desktop\DormMS.Web\DormMS.Web.csproj]

Olu┼şturma BA┼ŞARISIZ OLDU.

C:\Users\Administrator\Desktop\DormMS.Web\Views\Home\Index.cshtml(114,6): error RZ1006: The if block is missing a closing "}" character.  Make sure you have a matching "}" character for all the "{" characters within this block, and that none of the "}" characters are being interpreted as markup. [C:\Users\Administrator\Desktop\DormMS.Web\DormMS.Web.csproj]
C:\Users\Administrator\Desktop\DormMS.Web\obj\Debug\net8.0\Microsoft.CodeAnalysis.Razor.Compiler\Microsoft.NET.Sdk.Razor.SourceGenerators.RazorSourceGenerator\Views_Home_Index_cshtml.g.cs(797,60): error CS0116: Ad alan─▒; alanlar, y├Ântemler veya deyimler gibi ├╝yeleri do─şrudan i├ğeremez [C:\Users\Administrator\Desktop\DormMS.Web\DormMS.Web.csproj]
C:\Users\Administrator\Desktop\DormMS.Web\obj\Debug\net8.0\Microsoft.CodeAnalysis.Razor.Compiler\Microsoft.NET.Sdk.Razor.SourceGenerators.RazorSourceGenerator\Views_Home_Index_cshtml.g.cs(801,70): error CS0116: Ad alan─▒; alanlar, y├Ântemler veya deyimler gibi ├╝yeleri do─şrudan i├ğeremez [C:\Users\Administrator\Desktop\DormMS.Web\DormMS.Web.csproj]
C:\Users\Administrator\Desktop\DormMS.Web\obj\Debug\net8.0\Microsoft.CodeAnalysis.Razor.Compiler\Microsoft.NET.Sdk.Razor.SourceGenerators.RazorSourceGenerator\Views_Home_Index_cshtml.g.cs(805,71): error CS0116: Ad alan─▒; alanlar, y├Ântemler veya deyimler gibi ├╝yeleri do─şrudan i├ğeremez [C:\Users\Administrator\Desktop\DormMS.Web\DormMS.Web.csproj]
C:\Users\Administrator\Desktop\DormMS.Web\obj\Debug\net8.0\Microsoft.CodeAnalysis.Razor.Compiler\Microsoft.NET.Sdk.Razor.SourceGenerators.RazorSourceGenerator\Views_Home_Index_cshtml.g.cs(809,80): error CS0116: Ad alan─▒; alanlar, y├Ântemler veya deyimler gibi ├╝yeleri do─şrudan i├ğeremez [C:\Users\Administrator\Desktop\DormMS.Web\DormMS.Web.csproj]
    0 Uyar─▒
    5 Hata

Ge├ğen S├╝re 00:00:01.59

─░┼ş y├╝k├╝ g├╝ncelle┼ştirmeleri var. Daha fazla bilgi i├ğin `dotnet workload list` ├ğal─▒┼şt─▒r─▒n.
